    repaint (1h cutoff): 10/40
    repaint (1h cutoff): 20/40
    repaint (1h cutoff): 30/40
    repaint (1h cutoff): 40/40
  done repaint (1h cutoff)
    repaint (full track): 10/40
    repaint (full track): 20/40
    repaint (full track): 30/40
    repaint (full track): 40/40
  done repaint (full track)
    repaint_uncond: 10/40
    repaint_uncond: 20/40
    repaint_uncond: 30/40
    repaint_uncond: 40/40
  done repaint_uncond

model                        RMSE  angle_rms    eddy  eddy_rot
repaint (1h cutoff)        0.0595     0.7039  0.4295    0.4072
repaint (full track)       0.0691     0.7581  0.4451    0.4203
repaint_uncond             0.0793     0.8168  0.3915    0.3992

for reference, from results_final_comparison.pt:
corrdiff (1h cutoff)       0.0618     0.6842  0.4308    0.4397
distattn                   0.0738     0.7875  0.3579    0.3826

paired vs corrdiff (1h cutoff), same 40 cases:
  repaint (1h cutoff)     rmse_vector     -0.00228  CI [-0.00800, +0.00279]  TIED
  repaint (1h cutoff)     angle_rms_rad   +0.01969  CI [-0.02281, +0.06275]  TIED
  repaint (1h cutoff)     eddy_rot        -0.03250  CI [-0.07791, +0.01203]  TIED
  repaint (full track)    rmse_vector     +0.00731  CI [+0.00195, +0.01258]  significant
  repaint (full track)    angle_rms_rad   +0.07394  CI [+0.01640, +0.13292]  significant
  repaint (full track)    eddy_rot        -0.01938  CI [-0.06687, +0.02248]  TIED
  repaint_uncond          rmse_vector     +0.01752  CI [+0.01083, +0.02467]  significant
  repaint_uncond          angle_rms_rad   +0.13260  CI [+0.06940, +0.20509]  significant
  repaint_uncond          eddy_rot        -0.04049  CI [-0.08065, -0.00322]  significant

wrote /workspace/DDPMLibrary/benchmark/results_repaint_bench.pt
